{
	"Value": "{\"data\":{\"createPeople\":[{\"id\":1,\"name\":\"abc\"},{\"id\":2,\"name\":\"def\"}]}}\n"
}