{
	"Value": "{\"data\":{\"people\":[{\"id\":1,\"name\":\"Test User 1\"},{\"id\":2,\"name\":\"Test User 2\"}]}}\n"
}