{
	"Value": "{\"data\":{\"tracks\":[{\"hash\":\"abcdef123456\",\"records\":[{\"altitude\":3,\"distance\":1,\"posLat\":1.5,\"posLong\":2.5,\"timestamp\":\"1970-01-01T00:00:01Z\"}]}]}}\n"
}