{
	"Value": "{\"data\":{\"updateMediaFiles\":{\"pictures\":[],\"videos\":[{\"hashValue\":\"abc\",\"participantIds\":[1,2]}]}}}\n"
}